Linux debianhp 6.1.0-25-amd64 #1 SMP PREEMPT_DYNAMIC Debian 6.1.106-3 (2024-08-26) x86_64 GNU/Linux
PRETTY_NAME="Debian GNU/Linux 12 (bookworm)"
NAME="Debian GNU/Linux"
VERSION_ID="12"
VERSION="12 (bookworm)"
VERSION_CODENAME=bookworm
ID=debian
HOME_URL="https://www.debian.org/"
SUPPORT_URL="https://www.debian.org/support"
BUG_REPORT_URL="https://bugs.debian.org/"
               total        used        free      shared  buff/cache   available
Mem:         8063624     5556356     1180348      547536     2182288     2507268
Swap:        3905532      166068     3739464
Filesystem      Size  Used Avail Use% Mounted on
udev            3.9G     0  3.9G   0% /dev
tmpfs           788M  1.9M  786M   1% /run
/dev/sdb2       454G   11G  421G   3% /
/dev/sda5       220G  5.2G  203G   3% /usr
tmpfs           3.9G  2.0M  3.9G   1% /dev/shm
tmpfs           5.0M  8.0K  5.0M   1% /run/lock
/dev/loop6      128K  128K     0 100% /snap/bare/5
/dev/loop3       92M   92M     0 100% /snap/gtk-common-themes/1535
/dev/loop7       67M   67M     0 100% /snap/core24/490
/dev/loop4      165M  165M     0 100% /snap/gnome-3-28-1804/198
/dev/loop0       39M   39M     0 100% /snap/snapd/21759
/dev/loop10      56M   56M     0 100% /snap/core18/2829
/dev/loop11      90M   90M     0 100% /snap/chatgpt-desktop/8
/dev/loop9       64M   64M     0 100% /snap/core20/2318
/dev/loop2      212M  212M     0 100% /snap/mesa-2404/143
/dev/loop13      75M   75M     0 100% /snap/core22/1612
/dev/loop8      112M  112M     0 100% /snap/discord/207
/dev/loop12     407M  407M     0 100% /snap/gnome-46-2404/48
/dev/loop5       64M   64M     0 100% /snap/core20/2379
/dev/loop1      132M  132M     0 100% /snap/docker/2932
tmpfs           788M  100K  788M   1% /run/user/1000
/dev/loop14      91M   91M     0 100% /snap/whatsapp-for-linux/59
/dev/loop15     350M  350M     0 100% /snap/gnome-3-38-2004/143
